<imp>
  <k>
    .
  </k>
  <mem>
    curprime |-> 8233
    n |-> 1033
    nprimes |-> 1033
    tester |-> 8233
  </mem>
  <procs>
    .Map
  </procs>
  <callStack>
    .List
  </callStack>
</imp>
