<imp>
  <k>
    .
  </k>
  <mem>
    n |-> -1
    s |-> 55
  </mem>
</imp>
