<FUN>
  <k>
    4
  </k>
  <env>
    .Map
  </env>
  <envs>
    .List
  </envs>
</FUN>
