<FUN>
  <k>
    6
  </k>
  <env>
    $k |-> cc ( x |-> 3 , popEnv )
    x |-> 3
  </env>
  <envs>
    ListItem ( $k |-> cc ( x |-> 3 , popEnv )
    throw |-> val ( closure ( $k |-> cc ( x |-> 3 , popEnv )
    x |-> 3 , y -> $k ( y + 4 ) | .Cases , .Bindings , .Vals ) )
    x |-> 3 )
    ListItem ( $k |-> cc ( x |-> 3 , popEnv )
    x |-> 3 )
    ListItem ( $k |-> cc ( x |-> 3 , popEnv )
    x |-> 3 )
    ListItem ( x |-> 3 )
    ListItem ( x |-> 3 )
    ListItem ( .Map )
  </envs>
</FUN>
