<FUN>
  <k>
    [ 10 : 11 : 12 : 13 : 14 : .Vals ]
  </k>
  <env>
    .Map
  </env>
  <envs>
    .List
  </envs>
</FUN>
