<FUN>
  <k>
    [ 3 : 4 : 17 : 8 : .Vals ]
  </k>
  <env>
    .Map
  </env>
  <envs>
    .List
  </envs>
</FUN>
