<FUN>
  <k>
    [ 1 : 2 : 3 : 4 : 5 : .Vals ]
  </k>
  <env>
    .Map
  </env>
  <envs>
    .List
  </envs>
</FUN>
