<FUN>
  <k>
    Pair ( Pair 1 ( Wrapper 2 ) ) ( Pair 3 4 )
  </k>
  <env>
    .Map
  </env>
  <envs>
    .List
  </envs>
</FUN>
