<imp>
  <k>
    div-zero-error ~> #freezer_+__IMP_AExp_AExp_AExp0_ ( 0 ) ~> #freezer_=_;_IMP_Stmt_Id_AExp0_ ( k ) ~> j = j - 1 ; ~> while ( 0 <= j ) { l = 3 * j - ( j + i ) ; m = 5 * i + 1 ; if ( i <= ( i / 2 ) * 2 ) { k = k + l / i ; } else { k = k + j / m ; } j = j - 1 ; } ~> s = s + ( i * k ) / 3 ; ~> i = i - 1 ; ~> while ( 0 <= i ) { k = 0 ; j = 11 ; while ( 0 <= j ) { l = 3 * j - ( j + i ) ; m = 5 * i + 1 ; if ( i <= ( i / 2 ) * 2 ) { k = k + l / i ; } else { k = k + j / m ; } j = j - 1 ; } s = s + ( i * k ) / 3 ; i = i - 1 ; }
  </k>
  <mem>
    i |-> 0
    j |-> 11
    k |-> 0
    l |-> 22
    m |-> 1
    s |-> 90
  </mem>
  <procs>
    .Map
  </procs>
  <callStack>
    .List
  </callStack>
</imp>
