<imp>
  <k>
    .
  </k>
  <mem>
    b |-> 50
    c |-> 51
    x |-> 51
    y |-> 3651493085214779341358848023439814639926880
    z |-> 54772396278221690120382720351597219598903200
  </mem>
  <procs>
    .Map
  </procs>
  <callStack>
    .List
  </callStack>
</imp>
