<imp>
  <k>
    .
  </k>
  <mem>
    x |-> -1
    y |-> 22
  </mem>
  <procs>
    .Map
  </procs>
  <callStack>
    .List
  </callStack>
</imp>
