<imp>
  <k>
    .
  </k>
  <mem>
    n |-> 0
    s |-> 55
  </mem>
  <procs>
    .Map
  </procs>
  <callStack>
    .List
  </callStack>
</imp>
